<?xml version="1.0" encoding="utf-8"?><testsuites name="pytest tests"><testsuite name="pytest" errors="0" failures="0" skipped="0" tests="10" time="0.076" timestamp="2025-11-20T09:13:10.364647-08:00" hostname="DESKTOP-51NBG3D"><testcase classname="tests.test_syntax_engine.TestSyntaxEngine" name="test_pubmed_syntax_correctness" time="0.002" /><testcase classname="tests.test_syntax_engine.TestSyntaxEngine" name="test_scopus_syntax_correctness" time="0.001" /><testcase classname="tests.test_syntax_engine.TestSyntaxEngine" name="test_factory_function" time="0.001" /><testcase classname="tests.test_syntax_engine.TestSyntaxEngine" name="test_empty_plan" time="0.001" /><testcase classname="tests.test_syntax_engine.TestSyntaxEngine" name="test_single_term" time="0.001" /><testcase classname="tests.test_syntax_engine.TestSyntaxEngine" name="test_phrase_detection" time="0.001" /><testcase classname="tests.test_syntax_engine.TestSyntaxEngine" name="test_complex_multi_concept_query" time="0.001" /><testcase classname="tests.test_syntax_engine.TestSyntaxEngine" name="test_arxiv_syntax" time="0.001" /><testcase classname="tests.test_syntax_engine.TestSyntaxEngine" name="test_openalex_syntax" time="0.001" /><testcase classname="tests.test_syntax_engine" name="test_demo_comparison" time="0.002" /></testsuite></testsuites>